**
(gcp_mamba_plan.tex
LaTeX2e <2021-11-15> patch level 1
L3 programming layer <2022-02-24> (bioinfo.cls
Document Class: bioinfo 2003/02/08 0.1
(inputenc.sty
Package: inputenc 2021/02/14 v1.3d Input encoding file
\inpenc@prehook=\toks16
\inpenc@posthook=\toks17
) (crop.sty
Package: crop 2017/11/19 1.10 crop marks (mf)
 (ifluatex.sty
Package: ifluatex 2019/10/25 v1.5 ifluatex legacy package. Use iftex instead.
 (iftex.sty
Package: iftex 2022/02/03 v1.0f TeX engine tests
))
\stockwidth=\dimen138
\stockheight=\dimen139
\CROP@index=\count181
 (color.sty
Package: color 2021/12/07 v1.3c Standard LaTeX Color (DPC)
 (color.cfg
File: color.cfg 2016/01/02 v1.6 sample color configuration
)
Package color Info: Driver file: xetex.def on input line 149.

(xetex.def
File: xetex.def 2021/03/18 v5.0k Graphics/color driver for xetex
)) (graphics.sty
Package: graphics 2021/03/04 v1.4d Standard LaTeX Graphics (DPC,SPQR)
 (trig.sty
Package: trig 2021/08/11 v1.11 sin cos tan (DPC)
) (graphics.cfg
File: graphics.cfg 2016/06/04 v1.11 sample graphics configuration
)
Package graphics Info: Driver file: xetex.def on input line 107.
)
\CROP@offset=\count182
Package crop Info: Local config file crop.cfg used on input line 622.
 (crop.cfg)) (graphicx.sty
Package: graphicx 2021/09/16 v1.2d Enhanced LaTeX Graphics (DPC,SPQR)
(keyval.sty
Package: keyval 2014/10/28 v1.15 key=value parser (DPC)
\KV@toks@=\toks18
)
\Gin@req@height=\dimen140
\Gin@req@width=\dimen141
) (amsmath.sty
Package: amsmath 2021/10/15 v2.17l AMS math features
\@mathmargin=\skip47

For additional information on amsmath, use the `?' option.
(amstext.sty
Package: amstext 2021/08/26 v2.01 AMS text
 (amsgen.sty
File: amsgen.sty 1999/11/30 v2.0 generic functions
\@emptytoks=\toks19
\ex@=\dimen142
)) (amsbsy.sty
Package: amsbsy 1999/11/29 v1.2d Bold Symbols
\pmbraise@=\dimen143
) (amsopn.sty
Package: amsopn 2021/08/26 v2.02 operator names
)
\inf@bad=\count183
LaTeX Info: Redefining \frac on input line 234.
\uproot@=\count184
\leftroot@=\count185
LaTeX Info: Redefining \overline on input line 399.
\classnum@=\count186
\DOTSCASE@=\count187
LaTeX Info: Redefining \ldots on input line 496.
LaTeX Info: Redefining \dots on input line 499.
LaTeX Info: Redefining \cdots on input line 620.
\Mathstrutbox@=\box50
\strutbox@=\box51
\big@size=\dimen144
LaTeX Font Info:    Redeclaring font encoding OML on input line 743.
LaTeX Font Info:    Redeclaring font encoding OMS on input line 744.
\macc@depth=\count188
\c@MaxMatrixCols=\count189
\dotsspace@=\muskip16
\c@parentequation=\count190
\dspbrk@lvl=\count191
\tag@help=\toks20
\row@=\count192
\column@=\count193
\maxfields@=\count194
\andhelp@=\toks21
\eqnshift@=\dimen145
\alignsep@=\dimen146
\tagshift@=\dimen147
\tagwidth@=\dimen148
\totwidth@=\dimen149
\lineht@=\dimen150
\@envbody=\toks22
\multlinegap=\skip48
\multlinetaggap=\skip49
\mathdisplay@stack=\toks23
LaTeX Info: Redefining \[ on input line 2938.
LaTeX Info: Redefining \] on input line 2939.
) (array.sty
Package: array 2021/10/04 v2.5f Tabular extension package (FMi)
\col@sep=\dimen151
\ar@mcellbox=\box52
\extrarowheight=\dimen152
\NC@list=\toks24
\extratabsurround=\skip50
\backup@length=\skip51
\ar@cellbox=\box53
) (amssymb.sty
Package: amssymb 2013/01/14 v3.01 AMS font symbols

(amsfonts.sty
Package: amsfonts 2013/01/14 v3.01 Basic AMSFonts support
\symAMSa=\mathgroup4
\symAMSb=\mathgroup5
LaTeX Font Info:    Redeclaring math symbol \hbar on input line 98.
LaTeX Font Info:    Overwriting math alphabet `\mathfrak' in version `bold'
(Font)                  U/euf/m/n --> U/euf/b/n on input line 106.
)) (flushend.sty
Package: flushend 2021/10/04 v4.0 Balancing columns in twocolumn mode
\flushend@@lastskip@a=\skip52
\flushend@@lastskip@b=\skip53
\flushend@@lastnode=\count195
\var@@loop@iter=\count196
\var@@temp@spread=\dimen153
\var@@temp@a=\dimen154
\var@@temp@loop=\dimen155
\flushend@@page@rule=\dimen156
\flushend@@varbox@lastpage=\box54
\flushend@@varbox@a=\box55
\flushend@@varbox@c=\box56
\flushend@@tempbox@a=\box57
\flushend@@tempbox@c=\box58
\flushend@@floatbox=\box59
\@viper=\box60
\hold@viper=\box61
\atColsBreak=\toks25
\atColsEnd=\toks26
\oldbreak@skip=\dimen157
) (stfloats.sty
Package: stfloats 2017/03/27 v3.3 Improve float mechanism and baselineskip sett
ings
\@dblbotnum=\count197
\c@dblbotnumber=\count198
) (amsthm.sty
Package: amsthm 2020/05/29 v2.20.6
\thm@style=\toks27
\thm@bodyfont=\toks28
\thm@headfont=\toks29
\thm@notefont=\toks30
\thm@headpunct=\toks31
\thm@preskip=\skip54
\thm@postskip=\skip55
\thm@headsep=\skip56
\dth@everypar=\toks32
) (chngpage.sty
Package: chngpage 2009/10/20 v1.2b change page layout
\c@cp@cnt=\count199
\c@cp@tempcnt=\count266
)
(times.sty
Package: times 2020/03/25 PSNFSS-v9.3 (SPQR) 
) (fontenc.sty
Package: fontenc 2021/04/29 v2.0v Standard LaTeX package
 (ly1enc.def
File: ly1enc.def 2009/07/22 v0.7 TeX 'n ANSI encoding (DPC/KB)
)
LaTeX Font Info:    Trying to load font information for T1+ptm on input line 11
2.
 (t1ptm.fd
File: t1ptm.fd 2001/06/04 font definitions for T1/ptm.
))
\c@section=\count267
\c@subsection=\count268
\c@subsubsection=\count269
\c@paragraph=\count270
\c@subparagraph=\count271
\c@figure=\count272
\c@table=\count273
\dropfromtop=\skip57
\extraspace=\skip58
\aboveskipchk=\skip59
\abovecaptionskip=\skip60
\belowcaptionskip=\skip61
\rotdimen=\dimen158
\tempdime=\dimen159
\temptbox=\box62
 (natbib.sty
Package: natbib 2010/09/13 8.31b (PWD, AO)
\bibhang=\skip62
\bibsep=\skip63
LaTeX Info: Redefining \cite on input line 694.
\c@NAT@ctr=\count274
)) (booktabs.sty
Package: booktabs 2020/01/12 v1.61803398 Publication quality tables
\heavyrulewidth=\dimen160
\lightrulewidth=\dimen161
\cmidrulewidth=\dimen162
\belowrulesep=\dimen163
\belowbottomsep=\dimen164
\aboverulesep=\dimen165
\abovetopsep=\dimen166
\cmidrulesep=\dimen167
\cmidrulekern=\dimen168
\defaultaddspace=\dimen169
\@cmidla=\count275
\@cmidlb=\count276
\@aboverulesep=\dimen170
\@belowrulesep=\dimen171
\@thisruleclass=\count277
\@lastruleclass=\count278
\@thisrulewidth=\dimen172
)
(hyperref.sty
Package: hyperref 2022-02-21 v7.00n Hypertext links for LaTeX
 (ltxcmds.sty
Package: ltxcmds 2020-05-10 v1.25 LaTeX kernel commands for general use (HO)
) (pdftexcmds.sty
Package: pdftexcmds 2020-06-27 v0.33 Utility functions of pdfTeX for LuaTeX (HO
)
 (infwarerr.sty
Package: infwarerr 2019/12/03 v1.5 Providing info/warning/error messages (HO)
)
Package pdftexcmds Info: \pdf@primitive is available.
Package pdftexcmds Info: \pdf@ifprimitive is available.
Package pdftexcmds Info: \pdfdraftmode not found.
) (kvsetkeys.sty
Package: kvsetkeys 2019/12/15 v1.18 Key value parser (HO)
)
(kvdefinekeys.sty
Package: kvdefinekeys 2019-12-19 v1.6 Define keys (HO)
) (pdfescape.sty
Package: pdfescape 2019/12/09 v1.15 Implements pdfTeX's escape features (HO)
) (hycolor.sty
Package: hycolor 2020-01-27 v1.10 Color options for hyperref/bookmark (HO)
) (letltxmacro.sty
Package: letltxmacro 2019/12/03 v1.6 Let assignment for LaTeX macros (HO)
) (auxhook.sty
Package: auxhook 2019-12-17 v1.6 Hooks for auxiliary files (HO)
) (kvoptions.sty
Package: kvoptions 2020-10-07 v3.14 Key value format for package options (HO)
)
\@linkdim=\dimen173
\Hy@linkcounter=\count279
\Hy@pagecounter=\count280
 (pd1enc.def
File: pd1enc.def 2022-02-21 v7.00n Hyperref: PDFDocEncoding definition (HO)
) (intcalc.sty
Package: intcalc 2019/12/15 v1.3 Expandable calculations with integers (HO)
) (etexcmds.sty
Package: etexcmds 2019/12/15 v1.7 Avoid name clashes with e-TeX commands (HO)
)
\Hy@SavedSpaceFactor=\count281
 (puenc.def
File: puenc.def 2022-02-21 v7.00n Hyperref: PDF Unicode definition (HO)
)
Package hyperref Info: Hyper figures OFF on input line 4137.
Package hyperref Info: Link nesting OFF on input line 4142.
Package hyperref Info: Hyper index ON on input line 4145.
Package hyperref Info: Plain pages OFF on input line 4152.
Package hyperref Info: Backreferencing OFF on input line 4157.
Package hyperref Info: Implicit mode ON; LaTeX internals redefined.
Package hyperref Info: Bookmarks ON on input line 4390.
LaTeX Info: Redefining \href on input line 4660.
\c@Hy@tempcnt=\count282

(url.sty
\Urlmuskip=\muskip17
Package: url 2013/09/16  ver 3.4  Verb mode for urls, etc.
)
LaTeX Info: Redefining \url on input line 4749.
\XeTeXLinkMargin=\dimen174
 (bitset.sty
Package: bitset 2019/12/09 v1.3 Handle bit-vector datatype (HO)
 (bigintcalc.sty
Package: bigintcalc 2019/12/15 v1.5 Expandable calculations on big integers (HO
)
))
\Fld@menulength=\count283
\Field@Width=\dimen175
\Fld@charsize=\dimen176
Package hyperref Info: Hyper figures OFF on input line 6027.
Package hyperref Info: Link nesting OFF on input line 6032.
Package hyperref Info: Hyper index ON on input line 6035.
Package hyperref Info: backreferencing OFF on input line 6042.
Package hyperref Info: Link coloring OFF on input line 6047.
Package hyperref Info: Link coloring with OCG OFF on input line 6052.
Package hyperref Info: PDF/A mode OFF on input line 6057.
LaTeX Info: Redefining \ref on input line 6097.
LaTeX Info: Redefining \pageref on input line 6101.
 (atbegshi-ltx.sty
Package: atbegshi-ltx 2021/01/10 v1.0c Emulation of the original atbegshi
package with kernel methods
)
\Hy@abspage=\count284
\c@Item=\count285
\c@Hfootnote=\count286
)
Package hyperref Info: Driver (autodetected): hxetex.
 (hxetex.def
File: hxetex.def 2022-02-21 v7.00n Hyperref driver for XeTeX

(stringenc.sty
Package: stringenc 2019/11/29 v1.12 Convert strings between diff. encodings (HO
)
)
\pdfm@box=\box63
\c@Hy@AnnotLevel=\count287
\HyField@AnnotCount=\count288
\Fld@listcount=\count289
\c@bookmark@seq@number=\count290
 (rerunfilecheck.sty
Package: rerunfilecheck 2019/12/05 v1.9 Rerun checks for auxiliary files (HO)
 (atveryend-ltx.sty
Package: atveryend-ltx 2020/08/19 v1.0a Emulation of the original atveryend pac
kage
with kernel methods
) (uniquecounter.sty
Package: uniquecounter 2019/12/15 v1.4 Provide unlimited unique counter (HO)
)
Package uniquecounter Info: New unique counter `rerunfilecheck' on input line 2
86.
)
\Hy@SectionHShift=\skip64
)
(lmodern.sty
Package: lmodern 2015/05/01 v1.6.1 Latin Modern Fonts
LaTeX Font Info:    Overwriting symbol font `operators' in version `normal'
(Font)                  OT1/cmr/m/n --> OT1/lmr/m/n on input line 22.
LaTeX Font Info:    Overwriting symbol font `letters' in version `normal'
(Font)                  OML/cmm/m/it --> OML/lmm/m/it on input line 23.
LaTeX Font Info:    Overwriting symbol font `symbols' in version `normal'
(Font)                  OMS/cmsy/m/n --> OMS/lmsy/m/n on input line 24.
LaTeX Font Info:    Overwriting symbol font `largesymbols' in version `normal'
(Font)                  OMX/cmex/m/n --> OMX/lmex/m/n on input line 25.
LaTeX Font Info:    Overwriting symbol font `operators' in version `bold'
(Font)                  OT1/cmr/bx/n --> OT1/lmr/bx/n on input line 26.
LaTeX Font Info:    Overwriting symbol font `letters' in version `bold'
(Font)                  OML/cmm/b/it --> OML/lmm/b/it on input line 27.
LaTeX Font Info:    Overwriting symbol font `symbols' in version `bold'
(Font)                  OMS/cmsy/b/n --> OMS/lmsy/b/n on input line 28.
LaTeX Font Info:    Overwriting symbol font `largesymbols' in version `bold'
(Font)                  OMX/cmex/m/n --> OMX/lmex/m/n on input line 29.
LaTeX Font Info:    Overwriting math alphabet `\mathbf' in version `normal'
(Font)                  OT1/cmr/bx/n --> OT1/lmr/bx/n on input line 31.
LaTeX Font Info:    Overwriting math alphabet `\mathsf' in version `normal'
(Font)                  OT1/cmss/m/n --> OT1/lmss/m/n on input line 32.
LaTeX Font Info:    Overwriting math alphabet `\mathit' in version `normal'
(Font)                  OT1/cmr/m/it --> OT1/lmr/m/it on input line 33.
LaTeX Font Info:    Overwriting math alphabet `\mathtt' in version `normal'
(Font)                  OT1/cmtt/m/n --> OT1/lmtt/m/n on input line 34.
LaTeX Font Info:    Overwriting math alphabet `\mathbf' in version `bold'
(Font)                  OT1/cmr/bx/n --> OT1/lmr/bx/n on input line 35.
LaTeX Font Info:    Overwriting math alphabet `\mathsf' in version `bold'
(Font)                  OT1/cmss/bx/n --> OT1/lmss/bx/n on input line 36.
LaTeX Font Info:    Overwriting math alphabet `\mathit' in version `bold'
(Font)                  OT1/cmr/bx/it --> OT1/lmr/bx/it on input line 37.
LaTeX Font Info:    Overwriting math alphabet `\mathtt' in version `bold'
(Font)                  OT1/cmtt/m/n --> OT1/lmtt/m/n on input line 38.
) (siunitx.sty
Package: siunitx 2022-02-15 v3.0.49 A comprehensive (SI) units package
\l__siunitx_angle_tmp_dim=\dimen177
\l__siunitx_angle_marker_box=\box64
\l__siunitx_angle_unit_box=\box65
\l__siunitx_compound_count_int=\count291
 (translations.sty
Package: translations 2022/02/05 v1.12 internationalization of LaTeX2e packages
 (CN)
 (etoolbox.sty
Package: etoolbox 2020/10/05 v2.5k e-TeX tools for LaTeX (JAW)
\etb@tempcnta=\count292
))
\l__siunitx_number_exponent_fixed_int=\count293
\l__siunitx_number_min_decimal_int=\count294
\l__siunitx_number_min_integer_int=\count295
\l__siunitx_number_round_precision_int=\count296
\l__siunitx_number_group_minimum_int=\count297
\l__siunitx_table_tmp_box=\box66
\l__siunitx_table_tmp_dim=\dimen178
\l__siunitx_table_column_width_dim=\dimen179
\l__siunitx_table_integer_box=\box67
\l__siunitx_table_decimal_box=\box68
\l__siunitx_table_before_box=\box69
\l__siunitx_table_after_box=\box70
\l__siunitx_table_before_dim=\dimen180
\l__siunitx_table_carry_dim=\dimen181
\l__siunitx_unit_tmp_int=\count298
\l__siunitx_unit_position_int=\count299
\l__siunitx_unit_total_int=\count300
 (l3keys2e.sty
(expl3.sty
Package: expl3 2022-02-24 L3 programming layer (loader) 
 (l3backend-xetex.def
File: l3backend-xetex.def 2022-02-07 L3 backend support: XeTeX
\c__kernel_sys_dvipdfmx_version_int=\count301
\l__color_backend_stack_int=\count302
\g__color_backend_stack_int=\count303
\g__graphics_track_int=\count304
\l__pdf_internal_box=\box71
\g__pdf_backend_object_int=\count305
\g__pdf_backend_annotation_int=\count306
\g__pdf_backend_link_int=\count307
))
Package: l3keys2e 2022-01-12 LaTeX2e option processing using LaTeX3 keys
))
Package translations Info: No language package found. I am going to use `englis
h' as default language. on input line 14.
LaTeX Font Info:    Trying to load font information for T1+lmr on input line 14
.
 (t1lmr.fd
File: t1lmr.fd 2015/05/01 v1.6.1 Font defs for Latin Modern
) (gcp_mamba_plan.aux)
\openout1 = `gcp_mamba_plan.aux'.

LaTeX Font Info:    Checking defaults for OML/cmm/m/it on input line 14.
LaTeX Font Info:    ... okay on input line 14.
LaTeX Font Info:    Checking defaults for OMS/cmsy/m/n on input line 14.
LaTeX Font Info:    ... okay on input line 14.
LaTeX Font Info:    Checking defaults for OT1/cmr/m/n on input line 14.
LaTeX Font Info:    ... okay on input line 14.
LaTeX Font Info:    Checking defaults for T1/cmr/m/n on input line 14.
LaTeX Font Info:    ... okay on input line 14.
LaTeX Font Info:    Checking defaults for TS1/cmr/m/n on input line 14.
LaTeX Font Info:    Trying to load font information for TS1+cmr on input line 1
4.
 (ts1cmr.fd
File: ts1cmr.fd 2019/12/16 v2.5j Standard LaTeX font definitions
)
LaTeX Font Info:    ... okay on input line 14.
LaTeX Font Info:    Checking defaults for TU/lmr/m/n on input line 14.
LaTeX Font Info:    ... okay on input line 14.
LaTeX Font Info:    Checking defaults for OMX/cmex/m/n on input line 14.
LaTeX Font Info:    ... okay on input line 14.
LaTeX Font Info:    Checking defaults for U/cmr/m/n on input line 14.
LaTeX Font Info:    ... okay on input line 14.
LaTeX Font Info:    Checking defaults for LY1/ptm/m/n on input line 14.
LaTeX Font Info:    Trying to load font information for LY1+ptm on input line 1
4.
(ly1ptm.fd
File: ly1ptm.fd 2001/02/01 font definitions for LY1/ptm using Berry names.
)
LaTeX Font Info:    ... okay on input line 14.
LaTeX Font Info:    Checking defaults for PD1/pdf/m/n on input line 14.
LaTeX Font Info:    ... okay on input line 14.
LaTeX Font Info:    Checking defaults for PU/pdf/m/n on input line 14.
LaTeX Font Info:    ... okay on input line 14.
Package crop Info: using `pdftex' graphics driver on input line 14.
Package hyperref Info: Link coloring OFF on input line 14.
 (nameref.sty
Package: nameref 2021-04-02 v2.47 Cross-referencing by name of section
 (refcount.sty
Package: refcount 2019/12/15 v3.6 Data extraction from label references (HO)
) (gettitlestring.sty
Package: gettitlestring 2019/12/15 v1.6 Cleanup title references (HO)
)
\c@section@level=\count308
)
LaTeX Info: Redefining \ref on input line 14.
LaTeX Info: Redefining \pageref on input line 14.
LaTeX Info: Redefining \nameref on input line 14.

(gcp_mamba_plan.out) (gcp_mamba_plan.out)
\@outlinefile=\write3
\openout3 = `gcp_mamba_plan.out'.


(translations-basic-dictionary-english.trsl
File: translations-basic-dictionary-english.trsl (english translation file `tra
nslations-basic-dictionary')
)
Package translations Info: loading dictionary `translations-basic-dictionary' f
or `english'. on input line 14.
LaTeX Font Info:    Trying to load font information for T1+phv on input line 34
.
 (t1phv.fd
File: t1phv.fd 2020/03/25 scalable font definitions for T1/phv.
)
LaTeX Font Info:    Trying to load font information for OT1+lmr on input line 3
4.
 (ot1lmr.fd
File: ot1lmr.fd 2015/05/01 v1.6.1 Font defs for Latin Modern
)
LaTeX Font Info:    Trying to load font information for OML+lmm on input line 3
4.
 (omllmm.fd
File: omllmm.fd 2015/05/01 v1.6.1 Font defs for Latin Modern
)
LaTeX Font Info:    Trying to load font information for OMS+lmsy on input line 
34.
(omslmsy.fd
File: omslmsy.fd 2015/05/01 v1.6.1 Font defs for Latin Modern
)
LaTeX Font Info:    Trying to load font information for OMX+lmex on input line 
34.
 (omxlmex.fd
File: omxlmex.fd 2015/05/01 v1.6.1 Font defs for Latin Modern
)
LaTeX Font Info:    External font `lmex10' loaded for size
(Font)              <12> on input line 34.
LaTeX Font Info:    External font `lmex10' loaded for size
(Font)              <9> on input line 34.
LaTeX Font Info:    External font `lmex10' loaded for size
(Font)              <7> on input line 34.
LaTeX Font Info:    Trying to load font information for U+msa on input line 34.

 (umsa.fd
File: umsa.fd 2013/01/14 v3.01 AMS symbols A
)
LaTeX Font Info:    Trying to load font information for U+msb on input line 34.

 (umsb.fd
File: umsb.fd 2013/01/14 v3.01 AMS symbols B
)
LaTeX Font Info:    External font `lmex10' loaded for size
(Font)              <8> on input line 34.
LaTeX Font Info:    External font `lmex10' loaded for size
(Font)              <6> on input line 34.
LaTeX Font Info:    External font `lmex10' loaded for size
(Font)              <5> on input line 34.
LaTeX Font Info:    External font `lmex10' loaded for size
(Font)              <6.5> on input line 34.
LaTeX Font Info:    Calculating math sizes for size <8.5> on input line 34.
LaTeX Font Info:    External font `lmex10' loaded for size
(Font)              <8.5> on input line 34.
LaTeX Font Info:    External font `lmex10' loaded for size
(Font)              <5.94997> on input line 34.
LaTeX Font Info:    External font `lmex10' loaded for size
(Font)              <4.25> on input line 34.

Underfull \hbox (badness 1205) in paragraph at lines 34--34
\T1/phv/m/n/9 epistasis. However, current computational surrogates, such as Gra
ph Neural Networks (GNNs), face significant
 []


Overfull \hbox (50.295pt too wide) in paragraph at lines 34--34
[][] 
 []


Underfull \hbox (badness 10000) detected at line 34
[]
 []


Underfull \hbox (badness 1668) in paragraph at lines 40--41
\T1/lmr/m/n/8 of one gene is modulated by one or more other genes,
 []


Underfull \hbox (badness 1303) in paragraph at lines 40--41
\T1/lmr/m/n/8 sum single-knockout expression profiles to predict double-
 []


Underfull \hbox (badness 2951) in paragraph at lines 44--45
\T1/lmr/m/n/8 The sheer combinatorial scale of multigene perturbation
 []


Underfull \vbox (badness 10000) has occurred while \output is active []


Missing character: There is no — ("2014) in font ec-lmr8!

Underfull \hbox (badness 3108) in paragraph at lines 47--49
\T1/lmr/m/n/8 which targeted a focused set of 105 genes, the 5,151
 []


Underfull \hbox (badness 1067) in paragraph at lines 47--49
\T1/lmr/m/n/8 toward whole-genome modeling, the computational scaling
 []


Underfull \vbox (badness 10000) has occurred while \output is active []

LaTeX Font Info:    Trying to load font information for TS1+phv on input line 5
7.
 (ts1phv.fd
File: ts1phv.fd 2020/03/25 scalable font definitions for TS1/phv.
)
Overfull \hbox (1.88892pt too wide) has occurred while \output is active
 []
 []

[1



]
Overfull \hbox (8.40309pt too wide) in paragraph at lines 58--59
[]\T1/lmr/m/n/8 The Compositional Perturbation Autoencoder (CPA; Lotfollahi
 []


Underfull \hbox (badness 4913) in paragraph at lines 58--59
\T1/lmr/m/it/8 et al.\T1/lmr/m/n/8 , 2021) addresses combinatorial generalizati
on by
 []


Underfull \hbox (badness 7151) in paragraph at lines 62--63
\T1/lmr/m/n/8 Mamba (Gu & Dao, 2023) introduced input-selective
 []


Underfull \hbox (badness 2213) in paragraph at lines 62--63
\T1/lmr/m/n/8 is most pronounced. GCP-Mamba is the first to inject
 []


Underfull \hbox (badness 1824) in paragraph at lines 64--65
\T1/lmr/m/n/8 cell RNA-seq foundation modeling using rank-based gene
 []


Underfull \hbox (badness 1681) in paragraph at lines 80--82
\T1/lmr/m/n/8 with eigendecomposition $\OML/lmm/m/it/8 L[] \OT1/lmr/m/n/8 = \OM
L/lmm/m/it/8 U\OT1/lmr/m/n/8 ^^C\OML/lmm/m/it/8 U[]$\T1/lmr/m/n/8 . Crucially, 
the
 []

Missing character: There is no — ("2014) in font ec-lmr8!

Underfull \hbox (badness 1231) in paragraph at lines 84--86
\T1/lmr/m/n/8 2020). Capturing multi-hop epistatic effects requires deep
 []


Underfull \hbox (badness 3884) in paragraph at lines 112--114
\T1/lmr/m/n/8 This Hadamard product ensures that each hidden-state
 []


Underfull \hbox (badness 1824) in paragraph at lines 112--114
\T1/lmr/m/n/8 dimension receives an independently scaled time-constant,
 []


Underfull \hbox (badness 1688) in paragraph at lines 112--114
\T1/lmr/m/n/8 this sequential recurrence on standard CPU architectures
 []


Underfull \hbox (badness 7740) in paragraph at lines 120--120
[]\T1/lmr/bx/n/8 Composition of the Training Dataset and
 []

LaTeX Font Info:    Font shape `T1/phv/m/it' in size <8> not available
(Font)              Font shape `T1/phv/m/sl' tried instead on input line 123.

Overfull \hbox (253.1475pt too wide) has occurred while \output is active
[][] 
 []

[2]
File: architecture_diagram.png Graphic file (type bmp)
<architecture_diagram.png>
LaTeX Font Info:    Trying to load font information for T1+lmss on input line 1
33.
 (t1lmss.fd
File: t1lmss.fd 2015/05/01 v1.6.1 Font defs for Latin Modern
)
LaTeX Font Info:    Calculating math sizes for size <6.5> on input line 133.
LaTeX Font Info:    External font `lmex10' loaded for size
(Font)              <4.54997> on input line 133.
LaTeX Font Info:    External font `lmex10' loaded for size
(Font)              <3.25> on input line 133.

Underfull \hbox (badness 1152) in paragraph at lines 137--138
\T1/lmr/m/n/8 pairwise continuous distance matrix $\OT1/lmr/bx/n/8 D \OMS/lmsy/
m/n/8 2 \U/msb/m/n/8 R[]$ \T1/lmr/m/n/8 is pre-
 []


Underfull \hbox (badness 1142) in paragraph at lines 155--156
\T1/lmr/m/n/8 genes with state dimension $\OML/lmm/m/it/8 N[] \OT1/lmr/m/n/8 = 
16$ \T1/lmr/m/n/8 and embedding
 []

File: training_curve.png Graphic file (type bmp)
<training_curve.png>
File: memory_scaling.png Graphic file (type bmp)
<memory_scaling.png>

Underfull \hbox (badness 1253) in paragraph at lines 176--177
\T1/lmr/m/n/8 instantiating each model at a fixed batch size of 8 and
 []


Underfull \hbox (badness 1168) in paragraph at lines 176--177
\T1/lmr/m/n/8 due to self-attention computations. Both baselines breach
 []


Overfull \hbox (253.1475pt too wide) has occurred while \output is active
[][] 
 []

[3]
File: benchmarking_results.png Graphic file (type bmp)
<benchmarking_results.png>

Underfull \vbox (badness 10000) has occurred while \output is active []


Underfull \vbox (badness 10000) has occurred while \output is active []


Overfull \hbox (253.1475pt too wide) has occurred while \output is active
[][] 
 []

[4]
Underfull \hbox (badness 1102) in paragraph at lines 210--211
\T1/lmr/m/n/8 sophisticated architectures on aggregate metrics---has been
 []


Underfull \hbox (badness 6493) in paragraph at lines 210--211
\T1/lmr/m/n/8 Because biological networks are overwhelmingly robust,
 []

File: case_study_subgraph.png Graphic file (type bmp)
<case_study_subgraph.png>
Missing character: There is no — ("2014) in font ec-lmss8!
Missing character: There is no — ("2014) in font ec-lmss8!

Underfull \hbox (badness 1048) in paragraph at lines 225--226
\T1/lmr/m/n/8 conditioning tensor. To move beyond anecdotal examples,
 []

File: epistatic_interactions.png Graphic file (type bmp)
<epistatic_interactions.png>

Underfull \hbox (badness 6141) in paragraph at lines 236--237
\T1/lmr/m/n/8 Figure []6[] demonstrates the zero-shot scatter of GCP-
 []


Underfull \hbox (badness 1072) in paragraph at lines 236--237
\T1/lmr/m/n/8 control cells. The model successfully tracks the sign and
 []


Underfull \hbox (badness 1147) in paragraph at lines 236--237
\T1/lmr/m/n/8 a statistically distinct synergy correlation as evaluated in
 []


Underfull \hbox (badness 2671) in paragraph at lines 247--248
\T1/lmr/m/n/8 standard sequence models lies in its ability to transfer
 []


Underfull \hbox (badness 2980) in paragraph at lines 247--248
\T1/lmr/m/n/8 to completely uncharacterized combinatorial spaces. The
 []


Underfull \hbox (badness 7832) in paragraph at lines 247--248
\T1/lmr/m/n/8 conditioning modifier $\OT1/lmr/bx/n/8 M[]$ \T1/lmr/m/n/8 encodes
 continuous pairwise
 []


Overfull \hbox (253.1475pt too wide) has occurred while \output is active
[][] 
 []

[5]
Underfull \hbox (badness 2409) in paragraph at lines 255--256
\T1/lmr/m/n/8 this directly by systematically corrupting the continuous
 []


Underfull \hbox (badness 1028) in paragraph at lines 266--267
\T1/lmr/m/n/8 accessibility profiles or spatial transcriptomic co-expression
 []


Underfull \vbox (badness 10000) has occurred while \output is active []


Overfull \hbox (253.1475pt too wide) has occurred while \output is active
[][] 
 []

[6]
Underfull \hbox (badness 1365) in paragraph at lines 268--269
\T1/lmr/m/n/8 kernel optimization would further eliminate computational
 []


Underfull \hbox (badness 2635) in paragraph at lines 271--272
\T1/lmr/m/n/8 A.P. conceived the computational methodology, designed
 []


Underfull \hbox (badness 1024) in paragraph at lines 271--272
\T1/lmr/m/n/8 the neural architecture, and performed the computational
 []


Underfull \hbox (badness 4940) in paragraph at lines 280--281
\T1/lmr/m/n/8 All source code, dataset pipelines, model architecture
 []


Underfull \hbox (badness 3861) in paragraph at lines 280--281
\T1/lmr/m/n/8 implementations, 10-fold ablation configurations, trained
 []


Underfull \hbox (badness 1466) in paragraph at lines 292--293
\T1/lmr/m/n/7 FlashAttention: Fast and Memory-Efficient Exact Attention
 []

[leftcolumn badness]: 1000000 on 12.29997pt
[rightcolumn badness]: 1000000 on 12.29997pt
[leftcolumn badness]: 1000000 on 12.29997pt
[rightcolumn badness]: 1000000 on 12.29997pt
[leftcolumn badness]: 1000000 on 12.29997pt
[rightcolumn badness]: 1000000 on 12.29997pt
[leftcolumn badness]: 1000000 on 12.29997pt
[rightcolumn badness]: 1000000 on 12.29997pt
[leftcolumn badness]: 1000000 on 12.29997pt
[rightcolumn badness]: 1000000 on 12.29997pt
[leftcolumn badness]: 1000000 on 12.29997pt
[rightcolumn badness]: 1000000 on 12.29997pt
[leftcolumn badness]: 1000000 on 12.29997pt
[rightcolumn badness]: 1000000 on 12.29997pt
[leftcolumn badness]: 1000000 on 12.29997pt
[rightcolumn badness]: 1000000 on 12.29997pt
[leftcolumn badness]: 1000000 on 12.29997pt
[rightcolumn badness]: 1000000 on 12.29997pt
[leftcolumn badness]: 1000000 on 12.29997pt
[rightcolumn badness]: 1000000 on 12.29997pt
[leftcolumn badness]: 1000000 on 12.29997pt
[rightcolumn badness]: 1000000 on 12.29997pt
[leftcolumn badness]: 1000000 on 12.29997pt
[rightcolumn badness]: 1000000 on 12.29997pt
[leftcolumn badness]: 1000000 on 12.29997pt
[rightcolumn badness]: 1000000 on 12.29997pt
[leftcolumn badness]: 1000000 on 12.29997pt
[rightcolumn badness]: 1000000 on 12.29997pt
[leftcolumn badness]: 1000000 on 12.29997pt
[rightcolumn badness]: 1000000 on 12.29997pt
[leftcolumn badness]: 1000000 on 12.29997pt
[rightcolumn badness]: 1000000 on 12.29997pt
[leftcolumn badness]: 1000000 on 12.29997pt
[rightcolumn badness]: 1000000 on 12.29997pt
[leftcolumn badness]: 1000000 on 12.29997pt
[rightcolumn badness]: 1000000 on 12.29997pt
[leftcolumn badness]: 1000000 on 12.29997pt
[rightcolumn badness]: 1000000 on 12.29997pt
[leftcolumn badness]: 1000000 on 12.29997pt
[rightcolumn badness]: 1000000 on 12.29997pt
[leftcolumn badness]: 1000000 on 12.29997pt
[rightcolumn badness]: 1000000 on 12.29997pt
[leftcolumn badness]: 1000000 on 12.29997pt
[rightcolumn badness]: 1000000 on 12.29997pt
[leftcolumn badness]: 1000000 on 12.29997pt
[rightcolumn badness]: 1000000 on 12.29997pt
[leftcolumn badness]: 1000000 on 12.29997pt
[rightcolumn badness]: 1000000 on 12.29997pt
[leftcolumn badness]: 1000000 on 12.29997pt
[rightcolumn badness]: 1000000 on 12.29997pt
[leftcolumn badness]: 1000000 on 12.29997pt
[rightcolumn badness]: 1000000 on 12.29997pt
[leftcolumn badness]: 1000000 on 12.29997pt
[rightcolumn badness]: 1000000 on 12.29997pt
[leftcolumn badness]: 1000000 on 12.29997pt
[rightcolumn badness]: 1000000 on 12.29997pt
[leftcolumn badness]: 1000000 on 12.29997pt
[rightcolumn badness]: 1000000 on 12.29997pt
[leftcolumn badness]: 1000000 on 12.29997pt
[rightcolumn badness]: 1000000 on 12.29997pt
[leftcolumn badness]: 1000000 on 12.29997pt
[rightcolumn badness]: 1000000 on 12.29997pt
[leftcolumn badness]: 1000000 on 12.29997pt
[rightcolumn badness]: 1000000 on 12.29997pt
[leftcolumn badness]: 1000000 on 12.29997pt
[rightcolumn badness]: 1000000 on 12.29997pt
[leftcolumn badness]: 1000000 on 12.29997pt
[rightcolumn badness]: 1000000 on 12.29997pt
[leftcolumn badness]: 1000000 on 12.29997pt
[rightcolumn badness]: 1000000 on 12.29997pt
[leftcolumn badness]: 1000000 on 12.29997pt
[rightcolumn badness]: 1000000 on 12.29997pt
[leftcolumn badness]: 1000000 on 12.29997pt
[rightcolumn badness]: 1000000 on 12.29997pt
[leftcolumn badness]: 1000000 on 12.29997pt
[rightcolumn badness]: 1000000 on 12.29997pt
- LAST -
Extra skip:84.70003pt
Left:536.50557pt/1.55556pt
Right:452.0pt/1.3611pt
Split: 532.75278pt
Output:532.75278pt
Pageshrink: 0.0pt
Pagestretch: 0.0pt
@colht:681.0pt
FLUSHEND [output]: 532.75278pt
FLUSHEND [leftcolumn badness]: 82
FUSHEND [rightcolumn badness]: 10000

Overfull \hbox (253.1475pt too wide) has occurred while \output is active
[][] 
 []

[7] (gcp_mamba_plan.aux)
Package rerunfilecheck Info: File `gcp_mamba_plan.out' has not changed.
(rerunfilecheck)             Checksum: A21D5514AD023015059E311B479EE32C;6828.
 )
Output written on gcp_mamba_plan.xdv (7 pages, 61520 bytes).
