Warning: mamba_ssm not found. Falling back to PurePyTorchSSM simulation (CPU only, O(N^2) memory).
Initializing DataEngine...
Loading data/replogle_rpe1_essential/perturb_processed.h5ad...
Identifying HVGs...
HVGs identified.
Subsetting to HVGs...
Converting to dense array...
Standardizing...
Computing control means...
Computing continuous topological graph D...
Continuous structural graph (1 - |corr|) extracted from empirical covariance.
Calculating condition-level pseudobulks...
Data Engine Ready!
Train batches: 21
Seen 2/2 batches: 0
Seen 1/2 batches: 0
Seen 0/2 batches: 0

=== Running Seed 42 ===
  Training BaseMamba...
    Epoch 10 | loss=0.1503
    Epoch 20 | loss=0.1510
  Training GCP-Mamba...
    Epoch 10 | loss=0.1493
    Epoch 20 | loss=0.1493
  Training GCP-Mamba (Permuted GO)...
    Epoch 10 | loss=0.1485
    Epoch 20 | loss=0.1490

--- Final Metrics Saved to replogle_results.json ---
Saved training_losses.json.

--- M_delta vs GO distance analysis ---
M_delta vs Distance: r = 0.029, n = 249621, p = 0.0000e+00
